

================================================================
== Vivado HLS Report for 'sobel'
================================================================
* Date:           Mon Apr 18 02:16:05 2016

* Version:        2015.4 (Build 1412921 on Wed Nov 18 09:58:55 AM 2015)
* Project:        sobel
* Solution:       solution1
* Product family: zynq
* Target device:  xc7z020clg484-1


================================================================
== Performance Estimates
================================================================
+ Timing (ns): 
    * Summary: 
    +--------+-------+----------+------------+
    |  Clock | Target| Estimated| Uncertainty|
    +--------+-------+----------+------------+
    |ap_clk  |  10.00|      7.94|        1.25|
    +--------+-------+----------+------------+

+ Latency (clock cycles): 
    * Summary: 
    +---------+---------+---------+---------+---------+
    |      Latency      |      Interval     | Pipeline|
    |   min   |   max   |   min   |   max   |   Type  |
    +---------+---------+---------+---------+---------+
    |  2459041|  2459041|  2459042|  2459042|   none  |
    +---------+---------+---------+---------+---------+

    + Detail: 
        * Instance: 
        N/A

        * Loop: 
        +----------+---------+---------+----------+-----------+-----------+------+----------+
        |          |      Latency      | Iteration|  Initiation Interval  | Trip |          |
        | Loop Name|   min   |   max   |  Latency |  achieved |   target  | Count| Pipelined|
        +----------+---------+---------+----------+-----------+-----------+------+----------+
        |- IMG_H   |  2459040|  2459040|      5123|          -|          -|   480|    no    |
        | + IMG_W  |     5120|     5120|         8|          8|          1|   640|    yes   |
        +----------+---------+---------+----------+-----------+-----------+------+----------+



================================================================
== Utilization Estimates
================================================================
* Summary: 
+-----------------+---------+-------+--------+-------+
|       Name      | BRAM_18K| DSP48E|   FF   |  LUT  |
+-----------------+---------+-------+--------+-------+
|DSP              |        -|      -|       -|      -|
|Expression       |        -|      -|       0|    165|
|FIFO             |        -|      -|       -|      -|
|Instance         |        -|      -|       -|      -|
|Memory           |        2|      -|       0|      0|
|Multiplexer      |        -|      -|       -|     83|
|Register         |        -|      -|     164|      -|
+-----------------+---------+-------+--------+-------+
|Total            |        2|      0|     164|    248|
+-----------------+---------+-------+--------+-------+
|Available        |      280|    220|  106400|  53200|
+-----------------+---------+-------+--------+-------+
|Utilization (%)  |    ~0   |      0|   ~0   |   ~0  |
+-----------------+---------+-------+--------+-------+

+ Detail: 
    * Instance: 
    N/A

    * DSP48: 
    N/A

    * Memory: 
    +-----------------+---------------------+---------+---+----+------+-----+------+-------------+
    |      Memory     |        Module       | BRAM_18K| FF| LUT| Words| Bits| Banks| W*Bits*Banks|
    +-----------------+---------------------+---------+---+----+------+-----+------+-------------+
    |line_buffer_U    |sobel_line_buffer    |        1|  0|   0|  1920|    8|     1|        15360|
    |window_buffer_U  |sobel_window_buffer  |        1|  0|   0|     9|    8|     1|           72|
    +-----------------+---------------------+---------+---+----+------+-----+------+-------------+
    |Total            |                     |        2|  0|   0|  1929|   16|     2|        15432|
    +-----------------+---------------------+---------+---+----+------+-----+------+-------------+

    * FIFO: 
    N/A

    * Expression: 
    +---------------------+----------+-------+---+----+------------+------------+
    |    Variable Name    | Operation| DSP48E| FF| LUT| Bitwidth P0| Bitwidth P1|
    +---------------------+----------+-------+---+----+------------+------------+
    |i_1_fu_215_p2        |     +    |      0|  0|   9|           9|           1|
    |j_1_fu_227_p2        |     +    |      0|  0|  10|          10|           1|
    |p_neg9_fu_400_p2     |     +    |      0|  0|   5|          11|          11|
    |tmp_10_fu_328_p2     |     +    |      0|  0|   5|          10|          10|
    |tmp_12_fu_237_p2     |     +    |      0|  0|  11|          10|          11|
    |tmp_13_fu_248_p2     |     +    |      0|  0|  11|          11|          11|
    |tmp_20_fu_470_p2     |     +    |      0|  0|   8|           8|           8|
    |tmp_fu_292_p2        |     +    |      0|  0|   9|           9|           9|
    |tmp_s_fu_302_p2      |     +    |      0|  0|  10|          10|          10|
    |p_neg4_fu_354_p2     |     -    |      0|  0|   5|          11|          11|
    |p_neg6_fu_312_p2     |     -    |      0|  0|  11|          11|          11|
    |p_neg7_fu_334_p2     |     -    |      0|  0|   5|          10|          10|
    |tmp_11_fu_406_p2     |     -    |      0|  0|   5|          11|          11|
    |tmp_14_fu_432_p2     |     -    |      0|  0|   8|           1|           8|
    |tmp_18_fu_456_p2     |     -    |      0|  0|   8|           1|           8|
    |tmp_5_fu_359_p2      |     -    |      0|  0|   5|          11|          11|
    |tmp_9_fu_318_p2      |     -    |      0|  0|   9|           9|           9|
    |tmp_15_fu_438_p3     |  Select  |      0|  0|   8|           1|           8|
    |tmp_19_fu_462_p3     |  Select  |      0|  0|   8|           1|           8|
    |abscond1_fu_450_p2   |   icmp   |      0|  0|   4|          11|           1|
    |abscond_fu_426_p2    |   icmp   |      0|  0|   4|          11|           1|
    |exitcond1_fu_221_p2  |   icmp   |      0|  0|   4|          10|          10|
    |exitcond2_fu_209_p2  |   icmp   |      0|  0|   3|           9|           7|
    +---------------------+----------+-------+---+----+------------+------------+
    |Total                |          |      0|  0| 165|         196|         186|
    +---------------------+----------+-------+---+----+------------+------------+

    * Multiplexer: 
    +------------------------+----+-----------+-----+-----------+
    |          Name          | LUT| Input Size| Bits| Total Bits|
    +------------------------+----+-----------+-----+-----------+
    |ap_NS_fsm               |   6|         12|    1|         12|
    |i_reg_180               |   9|          2|    9|         18|
    |j_reg_191               |  10|          2|   10|         20|
    |line_buffer_address0    |  11|          4|   11|         44|
    |line_buffer_address1    |  11|          3|   11|         33|
    |line_buffer_d0          |   8|          3|    8|         24|
    |window_buffer_address0  |   8|          9|    4|         36|
    |window_buffer_address1  |   4|          7|    4|         28|
    |window_buffer_d0        |   8|          6|    8|         48|
    |window_buffer_d1        |   8|          5|    8|         40|
    +------------------------+----+-----------+-----+-----------+
    |Total                   |  83|         53|   74|        303|
    +------------------------+----+-----------+-----+-----------+

    * Register: 
    +------------------------------+----+----+-----+-----------+
    |             Name             | FF | LUT| Bits| Const Bits|
    +------------------------------+----+----+-----+-----------+
    |ap_CS_fsm                     |  11|   0|   11|          0|
    |i_1_reg_480                   |   9|   0|    9|          0|
    |i_reg_180                     |   9|   0|    9|          0|
    |input_image_read_reg_536      |   8|   0|    8|          0|
    |j_1_reg_488                   |  10|   0|   10|          0|
    |j_reg_191                     |  10|   0|   10|          0|
    |line_buffer_addr_2_reg_499    |  11|   0|   11|          0|
    |line_buffer_addr_reg_493      |  11|   0|   11|          0|
    |line_buffer_load_1_reg_517    |   8|   0|    8|          0|
    |line_buffer_load_reg_511      |   8|   0|    8|          0|
    |p_neg6_reg_548                |  11|   0|   11|          0|
    |p_neg7_reg_553                |  10|   0|   10|          0|
    |reg_203                       |   8|   0|    8|          0|
    |tmp_20_reg_558                |   8|   0|    8|          0|
    |window_buffer_load_1_reg_505  |   8|   0|    8|          0|
    |window_buffer_load_2_reg_523  |   8|   0|    8|          0|
    |window_buffer_load_4_reg_529  |   8|   0|    8|          0|
    |window_buffer_load_5_reg_542  |   8|   0|    8|          0|
    +------------------------------+----+----+-----+-----------+
    |Total                         | 164|   0|  164|          0|
    +------------------------------+----+----+-----+-----------+



================================================================
== Interface
================================================================
* Summary: 
+---------------------+-----+-----+------------+--------------+--------------+
|      RTL Ports      | Dir | Bits|  Protocol  | Source Object|    C Type    |
+---------------------+-----+-----+------------+--------------+--------------+
|ap_clk               |  in |    1| ap_ctrl_hs |     sobel    | return value |
|ap_rst               |  in |    1| ap_ctrl_hs |     sobel    | return value |
|ap_start             |  in |    1| ap_ctrl_hs |     sobel    | return value |
|ap_done              | out |    1| ap_ctrl_hs |     sobel    | return value |
|ap_idle              | out |    1| ap_ctrl_hs |     sobel    | return value |
|ap_ready             | out |    1| ap_ctrl_hs |     sobel    | return value |
|ap_return            | out |   32| ap_ctrl_hs |     sobel    | return value |
|input_image_dout     |  in |    8|   ap_fifo  |  input_image |    pointer   |
|input_image_empty_n  |  in |    1|   ap_fifo  |  input_image |    pointer   |
|input_image_read     | out |    1|   ap_fifo  |  input_image |    pointer   |
|output_image_din     | out |    8|   ap_fifo  | output_image |    pointer   |
|output_image_full_n  |  in |    1|   ap_fifo  | output_image |    pointer   |
|output_image_write   | out |    1|   ap_fifo  | output_image |    pointer   |
+---------------------+-----+-----+------------+--------------+--------------+

